// Jest Snapshot v1, https://goo.gl/fbAQLP

exports[`<LoadingIndicator /> should match the snapshot 1`] = `
<div
  class="sc-AxjAm eoQdno"
>
  <div
    class="sc-AxirZ hCYbEN"
  />
  <div
    class="sc-AxiKw gIiuVq"
  />
  <div
    class="sc-AxhCb cLLYqf"
  />
  <div
    class="sc-AxhUy kmzNJB"
  />
  <div
    class="sc-AxgMl gVGOdd"
  />
  <div
    class="sc-AxheI cTDSdE"
  />
  <div
    class="sc-Axmtr eTLLEW"
  />
  <div
    class="sc-AxmLO PKOoF"
  />
  <div
    class="sc-fzozJi kfmkgx"
  />
  <div
    class="sc-fzoLsD eYKWVc"
  />
  <div
    class="sc-fzpans bkiAO"
  />
  <div
    class="sc-fzplWN cWTrak"
  />
</div>
`;
